kotlin version: 2.2.10
error message: java.lang.RuntimeException: Exception while generating code for:
FUN name:WheelPicker-IJtcKRI visibility:public modality:FINAL returnType:kotlin.Unit
  VALUE_PARAMETER kind:Regular name:modifier index:0 type:androidx.compose.ui.Modifier
    EXPRESSION_BODY
      ERROR_EXPR 'Default Stub' type=androidx.compose.ui.Modifier
  VALUE_PARAMETER kind:Regular name:items index:1 type:kotlin.collections.List<kotlin.String>
  VALUE_PARAMETER kind:Regular name:initialSelected index:2 type:kotlin.Int
    EXPRESSION_BODY
      ERROR_EXPR 'Default Stub' type=kotlin.Int
  VALUE_PARAMETER kind:Regular name:contentSize index:3 type:kotlin.Pair<androidx.compose.ui.unit.TextUnit, androidx.compose.ui.unit.TextUnit>
    EXPRESSION_BODY
      ERROR_EXPR 'Default Stub' type=kotlin.Pair<androidx.compose.ui.unit.TextUnit, androidx.compose.ui.unit.TextUnit>
  VALUE_PARAMETER kind:Regular name:contentHeight index:4 type:androidx.compose.ui.unit.Dp
    EXPRESSION_BODY
      ERROR_EXPR 'Default Stub' type=androidx.compose.ui.unit.Dp
  VALUE_PARAMETER kind:Regular name:contentColor index:5 type:kotlin.Pair<androidx.compose.ui.graphics.Color, androidx.compose.ui.graphics.Color>
  VALUE_PARAMETER kind:Regular name:thickness index:6 type:kotlin.Double
    EXPRESSION_BODY
      ERROR_EXPR 'Default Stub' type=kotlin.Double
  VALUE_PARAMETER kind:Regular name:dividerWidth index:7 type:androidx.compose.ui.unit.Dp
    EXPRESSION_BODY
      ERROR_EXPR 'Default Stub' type=androidx.compose.ui.unit.Dp
  VALUE_PARAMETER kind:Regular name:dividerHeightFactor index:8 type:kotlin.Float
    EXPRESSION_BODY
      ERROR_EXPR 'Default Stub' type=kotlin.Float
  VALUE_PARAMETER kind:Regular name:label index:9 type:kotlin.String
    EXPRESSION_BODY
      ERROR_EXPR 'Default Stub' type=kotlin.String
  VALUE_PARAMETER kind:Regular name:labelSize index:10 type:androidx.compose.ui.unit.TextUnit
    EXPRESSION_BODY
      ERROR_EXPR 'Default Stub' type=androidx.compose.ui.unit.TextUnit
  VALUE_PARAMETER kind:Regular name:showLabel index:11 type:kotlin.Boolean
    EXPRESSION_BODY
      ERROR_EXPR 'Default Stub' type=kotlin.Boolean
  VALUE_PARAMETER kind:Regular name:visibleItems index:12 type:kotlin.Int
    EXPRESSION_BODY
      ERROR_EXPR 'Default Stub' type=kotlin.Int
  VALUE_PARAMETER kind:Regular name:enabled index:13 type:kotlin.Boolean
    EXPRESSION_BODY
      ERROR_EXPR 'Default Stub' type=kotlin.Boolean
  VALUE_PARAMETER kind:Regular name:onSelected index:14 type:kotlin.Function2<kotlin.Int, kotlin.String, kotlin.Unit>
  annotations:
    Composable
  BLOCK_BODY
    VAR name:paddedItems type:kotlin.collections.List<kotlin.String> [val]
      CALL 'public final fun plus <T> (<this>: kotlin.collections.Collection<T of kotlin.collections.CollectionsKt.plus>, elements: kotlin.collections.Iterable<T of kotlin.collections.CollectionsKt.plus>): kotlin.collections.List<T of kotlin.collections.CollectionsKt.plus> [operator] declared in kotlin.collections.CollectionsKt' type=kotlin.collections.List<kotlin.String> origin=PLUS
        TYPE_ARG T: kotlin.String
        ARG <this>: CALL 'public final fun plus <T> (<this>: kotlin.collections.Collection<T of kotlin.collections.CollectionsKt.plus>, elements: kotlin.collections.Iterable<T of kotlin.collections.CollectionsKt.plus>): kotlin.collections.List<T of kotlin.collections.CollectionsKt.plus> [operator] declared in kotlin.collections.CollectionsKt' type=kotlin.collections.List<kotlin.String> origin=PLUS
          TYPE_ARG T: kotlin.String
          ARG <this>: CALL 'public final fun listOf <T> (element: T of kotlin.collections.CollectionsKt.listOf): kotlin.collections.List<T of kotlin.collections.CollectionsKt.listOf> declared in kotlin.collections.CollectionsKt' type=kotlin.collections.List<kotlin.String> origin=null
            TYPE_ARG T: kotlin.String
            ARG element: CONST String type=kotlin.String value=""
          ARG elements: GET_VAR 'items: kotlin.collections.List<kotlin.String> declared in app.netlify.dev4rju9.wheelpicker.WheelPickerKt.WheelPicker-IJtcKRI' type=kotlin.collections.List<kotlin.String> origin=null
        ARG elements: CALL 'public final fun listOf <T> (element: T of kotlin.collections.CollectionsKt.listOf): kotlin.collections.List<T of kotlin.collections.CollectionsKt.listOf> declared in kotlin.collections.CollectionsKt' type=kotlin.collections.List<kotlin.String> origin=null
          TYPE_ARG T: kotlin.String
          ARG element: CONST String type=kotlin.String value=""
    VAR name:listState type:androidx.compose.foundation.lazy.LazyListState [val]
      CALL 'public final fun rememberLazyListState$default (initialFirstVisibleItemIndex: kotlin.Int, initialFirstVisibleItemScrollOffset: kotlin.Int, $mask0: kotlin.Int, $handler: kotlin.Any?): androidx.compose.foundation.lazy.LazyListState declared in androidx.compose.foundation.lazy.LazyListStateKt' type=androidx.compose.foundation.lazy.LazyListState origin=DEFAULT_DISPATCH_CALL
        ARG initialFirstVisibleItemIndex: GET_VAR 'initialSelected: kotlin.Int declared in app.netlify.dev4rju9.wheelpicker.WheelPickerKt.WheelPicker-IJtcKRI' type=kotlin.Int origin=null
        ARG initialFirstVisibleItemScrollOffset: COMPOSITE type=kotlin.Int origin=DEFAULT_VALUE
          CONST Int type=kotlin.Int value=0
        ARG $mask0: CONST Int type=kotlin.Int value=2
        ARG $handler: CONST Null type=kotlin.Any? value=null
    VAR name:flingBehavior type:androidx.compose.foundation.gestures.FlingBehavior [val]
      CALL 'public final fun rememberSnapFlingBehavior$default (lazyListState: androidx.compose.foundation.lazy.LazyListState, snapPosition: androidx.compose.foundation.gestures.snapping.SnapPosition?, $mask0: kotlin.Int, $handler: kotlin.Any?): androidx.compose.foundation.gestures.FlingBehavior declared in androidx.compose.foundation.gestures.snapping.LazyListSnapLayoutInfoProviderKt' type=androidx.compose.foundation.gestures.FlingBehavior origin=DEFAULT_DISPATCH_CALL
        ARG lazyListState: GET_VAR 'val listState: androidx.compose.foundation.lazy.LazyListState [val] declared in app.netlify.dev4rju9.wheelpicker.WheelPickerKt.WheelPicker-IJtcKRI' type=androidx.compose.foundation.lazy.LazyListState origin=null
        ARG snapPosition: COMPOSITE type=androidx.compose.foundation.gestures.snapping.SnapPosition? origin=DEFAULT_VALUE
          CONST Null type=androidx.compose.foundation.gestures.snapping.SnapPosition? value=null
        ARG $mask0: CONST Int type=kotlin.Int value=2
        ARG $handler: CONST Null type=kotlin.Any? value=null
    VAR PROPERTY_DELEGATE name:selectedIndex$delegate type:androidx.compose.runtime.State<kotlin.Int> [val]
      CALL 'public final fun remember <T> (calculation: @[DisallowComposableCalls] kotlin.Function0<T of androidx.compose.runtime.ComposablesKt.remember>): T of androidx.compose.runtime.ComposablesKt.remember [inline] declared in androidx.compose.runtime.ComposablesKt' type=androidx.compose.runtime.State<kotlin.Int> origin=null
        TYPE_ARG T: androidx.compose.runtime.State<kotlin.Int>
        ARG calculation: BLOCK type=kotlin.Function0<androidx.compose.runtime.State<kotlin.Int>> origin=LAMBDA
          COMPOSITE type=kotlin.Unit origin=null
          FUNCTION_REFERENCE 'private final fun WheelPicker_IJtcKRI$lambda$0 ($listState: androidx.compose.foundation.lazy.LazyListState, $initialSelected: kotlin.Int): androidx.compose.runtime.State<kotlin.Int> declared in app.netlify.dev4rju9.wheelpicker.WheelPickerKt' type=kotlin.Function0<androidx.compose.runtime.State<kotlin.Int>> origin=INLINE_LAMBDA reflectionTarget=null
            ARG $listState: GET_VAR 'val listState: androidx.compose.foundation.lazy.LazyListState [val] declared in app.netlify.dev4rju9.wheelpicker.WheelPickerKt.WheelPicker-IJtcKRI' type=androidx.compose.foundation.lazy.LazyListState origin=null
            ARG $initialSelected: GET_VAR 'initialSelected: kotlin.Int declared in app.netlify.dev4rju9.wheelpicker.WheelPickerKt.WheelPicker-IJtcKRI' type=kotlin.Int origin=null
    CALL 'public final fun LaunchedEffect (key1: kotlin.Any?, block: @[ExtensionFunctionType] kotlin.coroutines.SuspendFunction1<kotlinx.coroutines.CoroutineScope, kotlin.Unit>): kotlin.Unit declared in androidx.compose.runtime.EffectsKt' type=kotlin.Unit origin=null
      ARG key1: GET_VAR 'val listState: androidx.compose.foundation.lazy.LazyListState [val] declared in app.netlify.dev4rju9.wheelpicker.WheelPickerKt.WheelPicker-IJtcKRI' type=androidx.compose.foundation.lazy.LazyListState origin=null
      ARG block: BLOCK type=app.netlify.dev4rju9.wheelpicker.WheelPickerKt.WheelPicker-IJtcKRI.<no name provided> origin=null
        CLASS SUSPEND_LAMBDA CLASS name:<no name provided> modality:FINAL visibility:public/*package*/ superTypes:[kotlin.coroutines.jvm.internal.SuspendLambda; kotlin.jvm.functions.Function2<kotlinx.coroutines.CoroutineScope, kotlin.coroutines.Continuation<kotlin.Unit>?, kotlin.Any?>]
          thisReceiver: VALUE_PARAMETER INSTANCE_RECEIVER kind:DispatchReceiver name:<this> type:app.netlify.dev4rju9.wheelpicker.WheelPickerKt.WheelPicker-IJtcKRI.<no name provided>
          FIELD name:label type:kotlin.Int visibility:public/*package*/
          CONSTRUCTOR SUSPEND_LAMBDA visibility:public/*package*/ returnType:app.netlify.dev4rju9.wheelpicker.WheelPickerKt.WheelPicker-IJtcKRI.<no name provided> [primary]
            VALUE_PARAMETER BOUND_VALUE_PARAMETER kind:Regular name:$selectedIndex$delegate index:0 type:androidx.compose.runtime.State<kotlin.Int>
            VALUE_PARAMETER BOUND_VALUE_PARAMETER kind:Regular name:$items index:1 type:kotlin.collections.List<kotlin.String>
            VALUE_PARAMETER BOUND_VALUE_PARAMETER kind:Regular name:$onSelected index:2 type:kotlin.Function2<kotlin.Int, kotlin.String, kotlin.Unit>
            VALUE_PARAMETER kind:Regular name:$completion index:3 type:kotlin.coroutines.Continuation<app.netlify.dev4rju9.wheelpicker.WheelPickerKt.WheelPicker-IJtcKRI.<no name provided>>?
            BLOCK_BODY
              SET_FIELD 'FIELD FIELD_FOR_CAPTURED_VALUE name:$selectedIndex$delegate type:androidx.compose.runtime.State<kotlin.Int> visibility:public/*package*/ [final] declared in app.netlify.dev4rju9.wheelpicker.WheelPickerKt.WheelPicker-IJtcKRI.<no name provided>' type=kotlin.Unit origin=INITIALIZER_OF_FIELD_FOR_CAPTURED_VALUE
                receiver: GET_VAR '<this>: app.netlify.dev4rju9.wheelpicker.WheelPickerKt.WheelPicker-IJtcKRI.<no name provided> declared in app.netlify.dev4rju9.wheelpicker.WheelPickerKt.WheelPicker-IJtcKRI.<no name provided>' type=app.netlify.dev4rju9.wheelpicker.WheelPickerKt.WheelPicker-IJtcKRI.<no name provided> origin=null
                value: GET_VAR '$selectedIndex$delegate: androidx.compose.runtime.State<kotlin.Int> declared in app.netlify.dev4rju9.wheelpicker.WheelPickerKt.WheelPicker-IJtcKRI.<no name provided>.<init>' type=androidx.compose.runtime.State<kotlin.Int> origin=null
              SET_FIELD 'FIELD FIELD_FOR_CAPTURED_VALUE name:$items type:kotlin.collections.List<kotlin.String> visibility:public/*package*/ [final] declared in app.netlify.dev4rju9.wheelpicker.WheelPickerKt.WheelPicker-IJtcKRI.<no name provided>' type=kotlin.Unit origin=INITIALIZER_OF_FIELD_FOR_CAPTURED_VALUE
                receiver: GET_VAR '<this>: app.netlify.dev4rju9.wheelpicker.WheelPickerKt.WheelPicker-IJtcKRI.<no name provided> declared in app.netlify.dev4rju9.wheelpicker.WheelPickerKt.WheelPicker-IJtcKRI.<no name provided>' type=app.netlify.dev4rju9.wheelpicker.WheelPickerKt.WheelPicker-IJtcKRI.<no name provided> origin=null
                value: GET_VAR '$items: kotlin.collections.List<kotlin.String> declared in app.netlify.dev4rju9.wheelpicker.WheelPickerKt.WheelPicker-IJtcKRI.<no name provided>.<init>' type=kotlin.collections.List<kotlin.String> origin=null
              SET_FIELD 'FIELD FIELD_FOR_CAPTURED_VALUE name:$onSelected type:kotlin.Function2<kotlin.Int, kotlin.String, kotlin.Unit> visibility:public/*package*/ [final] declared in app.netlify.dev4rju9.wheelpicker.WheelPickerKt.WheelPicker-IJtcKRI.<no name provided>' type=kotlin.Unit origin=INITIALIZER_OF_FIELD_FOR_CAPTURED_VALUE
                receiver: GET_VAR '<this>: app.netlify.dev4rju9.wheelpicker.WheelPickerKt.WheelPicker-IJtcKRI.<no name provided> declared in app.netlify.dev4rju9.wheelpicker.WheelPickerKt.WheelPicker-IJtcKRI.<no name provided>' type=app.netlify.dev4rju9.wheelpicker.WheelPickerKt.WheelPicker-IJtcKRI.<no name provided> origin=null
                value: GET_VAR '$onSelected: kotlin.Function2<kotlin.Int, kotlin.String, kotlin.Unit> declared in app.netlify.dev4rju9.wheelpicker.WheelPickerKt.WheelPicker-IJtcKRI.<no name provided>.<init>' type=kotlin.Function2<kotlin.Int, kotlin.String, kotlin.Unit> origin=null
              DELEGATING_CONSTRUCTOR_CALL 'public constructor <init> (arity: kotlin.Int, $completion: kotlin.coroutines.Continuation<kotlin.Any?>?) declared in kotlin.coroutines.jvm.internal.SuspendLambda'
                ARG arity: CONST Int type=kotlin.Int value=2
                ARG $completion: GET_VAR '$completion: kotlin.coroutines.Continuation<app.netlify.dev4rju9.wheelpicker.WheelPickerKt.WheelPicker-IJtcKRI.<no name provided>>? declared in app.netlify.dev4rju9.wheelpicker.WheelPickerKt.WheelPicker-IJtcKRI.<no name provided>.<init>' type=kotlin.coroutines.Continuation<app.netlify.dev4rju9.wheelpicker.WheelPickerKt.WheelPicker-IJtcKRI.<no name provided>>? origin=null
              BLOCK type=kotlin.Unit origin=null
          FUN name:invokeSuspend visibility:public modality:FINAL returnType:kotlin.Any?
            VALUE_PARAMETER INSTANCE_RECEIVER kind:DispatchReceiver name:<this> index:0 type:app.netlify.dev4rju9.wheelpicker.WheelPickerKt.WheelPicker-IJtcKRI.<no name provided>
            VALUE_PARAMETER kind:Regular name:$result index:1 type:kotlin.Result<kotlin.Any?>
            overridden:
              protected abstract fun invokeSuspend ($result: kotlin.Result<kotlin.Any?>): kotlin.Any? declared in kotlin.coroutines.jvm.internal.SuspendLambda
            BLOCK_BODY
              CALL 'public abstract fun collect (collector: kotlinx.coroutines.flow.FlowCollector<T of kotlinx.coroutines.flow.Flow>, $completion: kotlin.coroutines.Continuation<kotlin.Unit>): kotlin.Any? [suspend] declared in kotlinx.coroutines.flow.Flow' type=kotlin.Unit origin=null
                ARG <this>: CALL 'public final fun distinctUntilChanged <T> (<this>: kotlinx.coroutines.flow.Flow<T of kotlinx.coroutines.flow.FlowKt.distinctUntilChanged>): kotlinx.coroutines.flow.Flow<T of kotlinx.coroutines.flow.FlowKt.distinctUntilChanged> declared in kotlinx.coroutines.flow.FlowKt' type=kotlinx.coroutines.flow.Flow<kotlin.Int> origin=null
                  TYPE_ARG T: kotlin.Int
                  ARG <this>: CALL 'public final fun snapshotFlow <T> (block: kotlin.Function0<T of androidx.compose.runtime.SnapshotStateKt.snapshotFlow>): kotlinx.coroutines.flow.Flow<T of androidx.compose.runtime.SnapshotStateKt.snapshotFlow> declared in androidx.compose.runtime.SnapshotStateKt' type=kotlinx.coroutines.flow.Flow<kotlin.Int> origin=null
                    TYPE_ARG T: kotlin.Int
                    ARG block: BLOCK type=kotlin.Function0<kotlin.Int> origin=LAMBDA
                      COMPOSITE type=kotlin.Unit origin=null
                      CALL 'public final fun <jvm-indy> <T> (dynamicCall: T of kotlin.jvm.internal.<jvm-indy>, bootstrapMethodHandle: kotlin.Any, vararg bootstrapMethodArguments: kotlin.Any): T of kotlin.jvm.internal.<jvm-indy> declared in kotlin.jvm.internal' type=kotlin.Function0<kotlin.Int> origin=null
                        TYPE_ARG T: kotlin.Function0<kotlin.Int>
                        ARG dynamicCall: CALL 'public final fun invoke (p0: androidx.compose.runtime.State<kotlin.Int>): kotlin.Function0<kotlin.Int> declared in kotlin.jvm.internal.invokeDynamic' type=kotlin.Function0<kotlin.Int> origin=null
                          ARG p0: GET_FIELD 'FIELD FIELD_FOR_CAPTURED_VALUE name:$selectedIndex$delegate type:androidx.compose.runtime.State<kotlin.Int> visibility:public/*package*/ [final] declared in app.netlify.dev4rju9.wheelpicker.WheelPickerKt.WheelPicker-IJtcKRI.<no name provided>' type=androidx.compose.runtime.State<kotlin.Int> origin=null
                            receiver: GET_VAR '<this>: app.netlify.dev4rju9.wheelpicker.WheelPickerKt.WheelPicker-IJtcKRI.<no name provided> declared in app.netlify.dev4rju9.wheelpicker.WheelPickerKt.WheelPicker-IJtcKRI.<no name provided>.invokeSuspend' type=app.netlify.dev4rju9.wheelpicker.WheelPickerKt.WheelPicker-IJtcKRI.<no name provided> origin=null
                        ARG bootstrapMethodHandle: CALL 'public final fun <jvm-method-handle> (tag: kotlin.Int, owner: kotlin.String, name: kotlin.String, descriptor: kotlin.String, isInterface: kotlin.Boolean): kotlin.Any declared in kotlin.jvm.internal' type=kotlin.Any origin=null
                          ARG tag: CONST Int type=kotlin.Int value=6
                          ARG owner: CONST String type=kotlin.String value="java/lang/invoke/LambdaMetafactory"
                          ARG name: CONST String type=kotlin.String value="metafactory"
                          ARG descriptor: CONST String type=kotlin.String value="(Ljava/lang/invoke/MethodHandles$Lookup;Ljava/lang/String;Ljava/lang/invoke/MethodType;Ljava/lang/invoke/MethodType;Ljava/lang/invoke/MethodHandle;Ljava/lang/invoke/MethodType;)Ljava/lang/invoke/CallSite;"
                          ARG isInterface: CONST Boolean type=kotlin.Boolean value=false
                        ARG bootstrapMethodArguments: VARARG type=kotlin.Array<kotlin.Any> varargElementType=kotlin.Any
                          CALL 'public final fun <jvm-original-method-type> (method: kotlin.Any): kotlin.Any declared in kotlin.jvm.internal' type=kotlin.Any origin=null
                            ARG method: RAW_FUNCTION_REFERENCE 'public abstract fun invoke (): R of kotlin.Function0 [operator] declared in kotlin.Function0' type=kotlin.Any
                          RAW_FUNCTION_REFERENCE 'private final fun invokeSuspend$lambda$0 ($selectedIndex$delegate: androidx.compose.runtime.State<kotlin.Int>): kotlin.Int declared in app.netlify.dev4rju9.wheelpicker.WheelPickerKt.WheelPicker-IJtcKRI.<no name provided>' type=kotlin.Any
                          CALL 'public final fun <jvm-original-method-type> (method: kotlin.Any): kotlin.Any declared in kotlin.jvm.internal' type=kotlin.Any origin=null
                            ARG method: RAW_FUNCTION_REFERENCE 'public abstract fun invoke (): kotlin.Int? [fake_override,operator] declared in kotlin.jvm.internal.invokeDynamic.<fake>' type=kotlin.Any
                ARG collector: BLOCK type=app.netlify.dev4rju9.wheelpicker.WheelPickerKt.WheelPicker-IJtcKRI.<no name provided>.invokeSuspend.<no name provided><T of app.netlify.dev4rju9.wheelpicker.WheelPickerKt.WheelPicker-IJtcKRI.<no name provided>.invokeSuspend.<no name provided>> origin=null
                  CLASS LAMBDA_IMPL CLASS name:<no name provided> modality:FINAL visibility:public/*package*/ superTypes:[@[RawType] kotlinx.coroutines.flow.FlowCollector<T of kotlinx.coroutines.flow.FlowCollector>]
                    thisReceiver: VALUE_PARAMETER INSTANCE_RECEIVER kind:DispatchReceiver name:<this> type:app.netlify.dev4rju9.wheelpicker.WheelPickerKt.WheelPicker-IJtcKRI.<no name provided>.invokeSuspend.<no name provided><T of app.netlify.dev4rju9.wheelpicker.WheelPickerKt.WheelPicker-IJtcKRI.<no name provided>.invokeSuspend.<no name provided>>
                    TYPE_PARAMETER name:T index:0 variance:in superTypes:[kotlin.Any?] reified:false
                    CONSTRUCTOR GENERATED_MEMBER_IN_CALLABLE_REFERENCE visibility:public/*package*/ returnType:app.netlify.dev4rju9.wheelpicker.WheelPickerKt.WheelPicker-IJtcKRI.<no name provided>.invokeSuspend.<no name provided><T of app.netlify.dev4rju9.wheelpicker.WheelPickerKt.WheelPicker-IJtcKRI.<no name provided>.invokeSuspend.<no name provided>> [primary]
                      VALUE_PARAMETER BOUND_VALUE_PARAMETER kind:Regular name:$items index:0 type:kotlin.collections.List<kotlin.String>
                      VALUE_PARAMETER BOUND_VALUE_PARAMETER kind:Regular name:$onSelected index:1 type:kotlin.Function2<kotlin.Int, kotlin.String, kotlin.Unit>
                      BLOCK_BODY
                        SET_FIELD 'FIELD FIELD_FOR_CAPTURED_VALUE name:$items type:kotlin.collections.List<kotlin.String> visibility:public/*package*/ [final] declared in app.netlify.dev4rju9.wheelpicker.WheelPickerKt.WheelPicker-IJtcKRI.<no name provided>.invokeSuspend.<no name provided>' type=kotlin.Unit origin=INITIALIZER_OF_FIELD_FOR_CAPTURED_VALUE
                          receiver: GET_VAR '<this>: app.netlify.dev4rju9.wheelpicker.WheelPickerKt.WheelPicker-IJtcKRI.<no name provided>.invokeSuspend.<no name provided><T of app.netlify.dev4rju9.wheelpicker.WheelPickerKt.WheelPicker-IJtcKRI.<no name provided>.invokeSuspend.<no name provided>> declared in app.netlify.dev4rju9.wheelpicker.WheelPickerKt.WheelPicker-IJtcKRI.<no name provided>.invokeSuspend.<no name provided>' type=app.netlify.dev4rju9.wheelpicker.WheelPickerKt.WheelPicker-IJtcKRI.<no name provided>.invokeSuspend.<no name provided><T of app.netlify.dev4rju9.wheelpicker.WheelPickerKt.WheelPicker-IJtcKRI.<no name provided>.invokeSuspend.<no name provided>> origin=null
                          value: GET_VAR '$items: kotlin.collections.List<kotlin.String> declared in app.netlify.dev4rju9.wheelpicker.WheelPickerKt.WheelPicker-IJtcKRI.<no name provided>.invokeSuspend.<no name provided>.<init>' type=kotlin.collections.List<kotlin.String> origin=null
                        SET_FIELD 'FIELD FIELD_FOR_CAPTURED_VALUE name:$onSelected type:kotlin.Function2<kotlin.Int, kotlin.String, kotlin.Unit> visibility:public/*package*/ [final] declared in app.netlify.dev4rju9.wheelpicker.WheelPickerKt.WheelPicker-IJtcKRI.<no name provided>.invokeSuspend.<no name provided>' type=kotlin.Unit origin=INITIALIZER_OF_FIELD_FOR_CAPTURED_VALUE
                          receiver: GET_VAR '<this>: app.netlify.dev4rju9.wheelpicker.WheelPickerKt.WheelPicker-IJtcKRI.<no name provided>.invokeSuspend.<no name provided><T of app.netlify.dev4rju9.wheelpicker.WheelPickerKt.WheelPicker-IJtcKRI.<no name provided>.invokeSuspend.<no name provided>> declared in app.netlify.dev4rju9.wheelpicker.WheelPickerKt.WheelPicker-IJtcKRI.<no name provided>.invokeSuspend.<no name provided>' type=app.netlify.dev4rju9.wheelpicker.WheelPickerKt.WheelPicker-IJtcKRI.<no name provided>.invokeSuspend.<no name provided><T of app.netlify.dev4rju9.wheelpicker.WheelPickerKt.WheelPicker-IJtcKRI.<no name provided>.invokeSuspend.<no name provided>> origin=null
                          value: GET_VAR '$onSelected: kotlin.Function2<kotlin.Int, kotlin.String, kotlin.Unit> declared in app.netlify.dev4rju9.wheelpicker.WheelPickerKt.WheelPicker-IJtcKRI.<no name provided>.invokeSuspend.<no name provided>.<init>' type=kotlin.Function2<kotlin.Int, kotlin.String, kotlin.Unit> origin=null
                        DELEGATING_CONSTRUCTOR_CALL 'public constructor <init> () [primary] declared in kotlin.Any'
                        BLOCK type=kotlin.Unit origin=null
                    FUN name:emit visibility:public modality:FINAL returnType:kotlin.Any? [suspend]
                      VALUE_PARAMETER INSTANCE_RECEIVER kind:DispatchReceiver name:<this> index:0 type:app.netlify.dev4rju9.wheelpicker.WheelPickerKt.WheelPicker-IJtcKRI.<no name provided>.invokeSuspend.<no name provided><T of app.netlify.dev4rju9.wheelpicker.WheelPickerKt.WheelPicker-IJtcKRI.<no name provided>.invokeSuspend.<no name provided>>
                      VALUE_PARAMETER kind:Regular name:index index:1 type:kotlin.Int
                      VALUE_PARAMETER CONTINUATION_CLASS kind:Regular name:$completion index:2 type:kotlin.coroutines.Continuation<kotlin.Unit>
                      overridden:
                        public abstract fun emit (value: T of kotlinx.coroutines.flow.FlowCollector, $completion: kotlin.coroutines.Continuation<kotlin.Unit>): kotlin.Any? [suspend] declared in kotlinx.coroutines.flow.FlowCollector
                      BLOCK_BODY
                        CLASS CONTINUATION_CLASS CLASS name:<Continuation> modality:FINAL visibility:public/*package*/ superTypes:[kotlin.coroutines.jvm.internal.ContinuationImpl]
                          thisReceiver: VALUE_PARAMETER INSTANCE_RECEIVER kind:DispatchReceiver name:<this> type:app.netlify.dev4rju9.wheelpicker.WheelPickerKt.WheelPicker-IJtcKRI.<no name provided>.invokeSuspend.<no name provided>.emit.<Continuation>
                          FIELD CONTINUATION_CLASS_RESULT_FIELD name:result type:kotlin.Result<kotlin.Any?> visibility:public/*package*/
                          FIELD FIELD_FOR_OUTER_THIS name:this$0 type:app.netlify.dev4rju9.wheelpicker.WheelPickerKt.WheelPicker-IJtcKRI.<no name provided>.invokeSuspend.<no name provided><T of app.netlify.dev4rju9.wheelpicker.WheelPickerKt.WheelPicker-IJtcKRI.<no name provided>.invokeSuspend.<no name provided>> visibility:public/*package*/ [final]
                          FIELD name:label type:kotlin.Int visibility:public/*package*/
                          CONSTRUCTOR visibility:public/*package*/ returnType:app.netlify.dev4rju9.wheelpicker.WheelPickerKt.WheelPicker-IJtcKRI.<no name provided>.invokeSuspend.<no name provided>.emit.<Continuation> [primary]
                            VALUE_PARAMETER kind:Regular name:this$0 index:0 type:app.netlify.dev4rju9.wheelpicker.WheelPickerKt.WheelPicker-IJtcKRI.<no name provided>.invokeSuspend.<no name provided><T of app.netlify.dev4rju9.wheelpicker.WheelPickerKt.WheelPicker-IJtcKRI.<no name provided>.invokeSuspend.<no name provided>>
                            VALUE_PARAMETER kind:Regular name:$completion index:1 type:kotlin.coroutines.Continuation<app.netlify.dev4rju9.wheelpicker.WheelPickerKt.WheelPicker-IJtcKRI.<no name provided>.invokeSuspend.<no name provided>.emit.<Continuation>>?
                            BLOCK_BODY
                              SET_FIELD 'FIELD FIELD_FOR_OUTER_THIS name:this$0 type:app.netlify.dev4rju9.wheelpicker.WheelPickerKt.WheelPicker-IJtcKRI.<no name provided>.invokeSuspend.<no name provided><T of app.netlify.dev4rju9.wheelpicker.WheelPickerKt.WheelPicker-IJtcKRI.<no name provided>.invokeSuspend.<no name provided>> visibility:public/*package*/ [final] declared in app.netlify.dev4rju9.wheelpicker.WheelPickerKt.WheelPicker-IJtcKRI.<no name provided>.invokeSuspend.<no name provided>.emit.<Continuation>' type=kotlin.Unit origin=null
                                receiver: GET_VAR '<this>: app.netlify.dev4rju9.wheelpicker.WheelPickerKt.WheelPicker-IJtcKRI.<no name provided>.invokeSuspend.<no name provided>.emit.<Continuation> declared in app.netlify.dev4rju9.wheelpicker.WheelPickerKt.WheelPicker-IJtcKRI.<no name provided>.invokeSuspend.<no name provided>.emit.<Continuation>' type=app.netlify.dev4rju9.wheelpicker.WheelPickerKt.WheelPicker-IJtcKRI.<no name provided>.invokeSuspend.<no name provided>.emit.<Continuation> origin=null
                                value: GET_VAR 'this$0: app.netlify.dev4rju9.wheelpicker.WheelPickerKt.WheelPicker-IJtcKRI.<no name provided>.invokeSuspend.<no name provided><T of app.netlify.dev4rju9.wheelpicker.WheelPickerKt.WheelPicker-IJtcKRI.<no name provided>.invokeSuspend.<no name provided>> declared in app.netlify.dev4rju9.wheelpicker.WheelPickerKt.WheelPicker-IJtcKRI.<no name provided>.invokeSuspend.<no name provided>.emit.<Continuation>.<init>' type=app.netlify.dev4rju9.wheelpicker.WheelPickerKt.WheelPicker-IJtcKRI.<no name provided>.invokeSuspend.<no name provided><T of app.netlify.dev4rju9.wheelpicker.WheelPickerKt.WheelPicker-IJtcKRI.<no name provided>.invokeSuspend.<no name provided>> origin=null
                              DELEGATING_CONSTRUCTOR_CALL 'public constructor <init> ($completion: kotlin.coroutines.Continuation<kotlin.Any?>?) declared in kotlin.coroutines.jvm.internal.ContinuationImpl'
                                ARG $completion: GET_VAR '$completion: kotlin.coroutines.Continuation<app.netlify.dev4rju9.wheelpicker.WheelPickerKt.WheelPicker-IJtcKRI.<no name provided>.invokeSuspend.<no name provided>.emit.<Continuation>>? declared in app.netlify.dev4rju9.wheelpicker.WheelPickerKt.WheelPicker-IJtcKRI.<no name provided>.invokeSuspend.<no name provided>.emit.<Continuation>.<init>' type=kotlin.coroutines.Continuation<app.netlify.dev4rju9.wheelpicker.WheelPickerKt.WheelPicker-IJtcKRI.<no name provided>.invokeSuspend.<no name provided>.emit.<Continuation>>? origin=null
                          FUN name:invokeSuspend visibility:public modality:FINAL returnType:kotlin.Any?
                            VALUE_PARAMETER INSTANCE_RECEIVER kind:DispatchReceiver name:<this> index:0 type:app.netlify.dev4rju9.wheelpicker.WheelPickerKt.WheelPicker-IJtcKRI.<no name provided>.invokeSuspend.<no name provided>.emit.<Continuation>
                            VALUE_PARAMETER kind:Regular name:$result index:1 type:kotlin.Result<kotlin.Any?>
                            overridden:
                              public abstract fun invokeSuspend ($result: kotlin.Result<kotlin.Any?>): kotlin.Any? declared in kotlin.coroutines.jvm.internal.ContinuationImpl
                            BLOCK_BODY
                              SET_FIELD 'FIELD CONTINUATION_CLASS_RESULT_FIELD name:result type:kotlin.Result<kotlin.Any?> visibility:public/*package*/ declared in app.netlify.dev4rju9.wheelpicker.WheelPickerKt.WheelPicker-IJtcKRI.<no name provided>.invokeSuspend.<no name provided>.emit.<Continuation>' type=kotlin.Unit origin=null
                                receiver: GET_VAR '<this>: app.netlify.dev4rju9.wheelpicker.WheelPickerKt.WheelPicker-IJtcKRI.<no name provided>.invokeSuspend.<no name provided>.emit.<Continuation> declared in app.netlify.dev4rju9.wheelpicker.WheelPickerKt.WheelPicker-IJtcKRI.<no name provided>.invokeSuspend.<no name provided>.emit.<Continuation>.invokeSuspend' type=app.netlify.dev4rju9.wheelpicker.WheelPickerKt.WheelPicker-IJtcKRI.<no name provided>.invokeSuspend.<no name provided>.emit.<Continuation> origin=null
                                value: GET_VAR '$result: kotlin.Result<kotlin.Any?> declared in app.netlify.dev4rju9.wheelpicker.WheelPickerKt.WheelPicker-IJtcKRI.<no name provided>.invokeSuspend.<no name provided>.emit.<Continuation>.invokeSuspend' type=kotlin.Result<kotlin.Any?> origin=null
                              SET_FIELD 'FIELD name:label type:kotlin.Int visibility:public/*package*/ declared in app.netlify.dev4rju9.wheelpicker.WheelPickerKt.WheelPicker-IJtcKRI.<no name provided>.invokeSuspend.<no name provided>.emit.<Continuation>' type=kotlin.Unit origin=null
                                receiver: GET_VAR '<this>: app.netlify.dev4rju9.wheelpicker.WheelPickerKt.WheelPicker-IJtcKRI.<no name provided>.invokeSuspend.<no name provided>.emit.<Continuation> declared in app.netlify.dev4rju9.wheelpicker.WheelPickerKt.WheelPicker-IJtcKRI.<no name provided>.invokeSuspend.<no name provided>.emit.<Continuation>.invokeSuspend' type=app.netlify.dev4rju9.wheelpicker.WheelPickerKt.WheelPicker-IJtcKRI.<no name provided>.invokeSuspend.<no name provided>.emit.<Continuation> origin=null
                                value: CALL 'public final fun or (other: kotlin.Int): kotlin.Int [infix] declared in kotlin.Int' type=kotlin.Int origin=null
                                  ARG <this>: GET_FIELD 'FIELD name:label type:kotlin.Int visibility:public/*package*/ declared in app.netlify.dev4rju9.wheelpicker.WheelPickerKt.WheelPicker-IJtcKRI.<no name provided>.invokeSuspend.<no name provided>.emit.<Continuation>' type=kotlin.Int origin=null
                                    receiver: GET_VAR '<this>: app.netlify.dev4rju9.wheelpicker.WheelPickerKt.WheelPicker-IJtcKRI.<no name provided>.invokeSuspend.<no name provided>.emit.<Continuation> declared in app.netlify.dev4rju9.wheelpicker.WheelPickerKt.WheelPicker-IJtcKRI.<no name provided>.invokeSuspend.<no name provided>.emit.<Continuation>.invokeSuspend' type=app.netlify.dev4rju9.wheelpicker.WheelPickerKt.WheelPicker-IJtcKRI.<no name provided>.invokeSuspend.<no name provided>.emit.<Continuation> origin=null
                                  ARG other: CONST Int type=kotlin.Int value=-2147483648
                              RETURN type=kotlin.Nothing from='public final fun invokeSuspend ($result: kotlin.Result<kotlin.Any?>): kotlin.Any? declared in app.netlify.dev4rju9.wheelpicker.WheelPickerKt.WheelPicker-IJtcKRI.<no name provided>.invokeSuspend.<no name provided>.emit.<Continuation>'
                                CALL 'public final fun emit (index: kotlin.Int, $completion: kotlin.coroutines.Continuation<kotlin.Unit>): kotlin.Any? [suspend] declared in app.netlify.dev4rju9.wheelpicker.WheelPickerKt.WheelPicker-IJtcKRI.<no name provided>.invokeSuspend.<no name provided>' type=kotlin.Any? origin=null
                                  ARG <this>: GET_FIELD 'FIELD FIELD_FOR_OUTER_THIS name:this$0 type:app.netlify.dev4rju9.wheelpicker.WheelPickerKt.WheelPicker-IJtcKRI.<no name provided>.invokeSuspend.<no name provided><T of app.netlify.dev4rju9.wheelpicker.WheelPickerKt.WheelPicker-IJtcKRI.<no name provided>.invokeSuspend.<no name provided>> visibility:public/*package*/ [final] declared in app.netlify.dev4rju9.wheelpicker.WheelPickerKt.WheelPicker-IJtcKRI.<no name provided>.invokeSuspend.<no name provided>.emit.<Continuation>' type=app.netlify.dev4rju9.wheelpicker.WheelPickerKt.WheelPicker-IJtcKRI.<no name provided>.invokeSuspend.<no name provided><T of app.netlify.dev4rju9.wheelpicker.WheelPickerKt.WheelPicker-IJtcKRI.<no name provided>.invokeSuspend.<no name provided>> origin=null
                                    receiver: GET_VAR '<this>: app.netlify.dev4rju9.wheelpicker.WheelPickerKt.WheelPicker-IJtcKRI.<no name provided>.invokeSuspend.<no name provided>.emit.<Continuation> declared in app.netlify.dev4rju9.wheelpicker.WheelPickerKt.WheelPicker-IJtcKRI.<no name provided>.invokeSuspend.<no name provided>.emit.<Continuation>.invokeSuspend' type=app.netlify.dev4rju9.wheelpicker.WheelPickerKt.WheelPicker-IJtcKRI.<no name provided>.invokeSuspend.<no name provided>.emit.<Continuation> origin=null
                                  ARG index: CONST Int type=kotlin.Int value=0
                                  ARG $completion: GET_VAR '<this>: app.netlify.dev4rju9.wheelpicker.WheelPickerKt.WheelPicker-IJtcKRI.<no name provided>.invokeSuspend.<no name provided>.emit.<Continuation> declared in app.netlify.dev4rju9.wheelpicker.WheelPickerKt.WheelPicker-IJtcKRI.<no name provided>.invokeSuspend.<no name provided>.emit.<Continuation>.invokeSuspend' type=app.netlify.dev4rju9.wheelpicker.WheelPickerKt.WheelPicker-IJtcKRI.<no name provided>.invokeSuspend.<no name provided>.emit.<Continuation> origin=null
                        VAR name:realIndex type:kotlin.Int [val]
                          CALL 'public final fun coerceIn (<this>: kotlin.Int, range: kotlin.ranges.ClosedRange<kotlin.Int>): kotlin.Int declared in kotlin.ranges.RangesKt' type=kotlin.Int origin=null
                            ARG <this>: CALL 'public final fun minus (other: kotlin.Int): kotlin.Int [operator] declared in kotlin.Int' type=kotlin.Int origin=MINUS
                              ARG <this>: GET_VAR 'index: kotlin.Int declared in app.netlify.dev4rju9.wheelpicker.WheelPickerKt.WheelPicker-IJtcKRI.<no name provided>.invokeSuspend.<no name provided>.emit' type=kotlin.Int origin=null
                              ARG other: CONST Int type=kotlin.Int value=1
                            ARG range: CALL 'public final fun <get-indices> (<this>: kotlin.collections.Collection<*>): kotlin.ranges.IntRange declared in kotlin.collections.CollectionsKt' type=kotlin.ranges.IntRange origin=GET_PROPERTY
                              ARG <this>: GET_FIELD 'FIELD FIELD_FOR_CAPTURED_VALUE name:$items type:kotlin.collections.List<kotlin.String> visibility:public/*package*/ [final] declared in app.netlify.dev4rju9.wheelpicker.WheelPickerKt.WheelPicker-IJtcKRI.<no name provided>.invokeSuspend.<no name provided>' type=kotlin.collections.List<kotlin.String> origin=null
                                receiver: GET_VAR '<this>: app.netlify.dev4rju9.wheelpicker.WheelPickerKt.WheelPicker-IJtcKRI.<no name provided>.invokeSuspend.<no name provided><T of app.netlify.dev4rju9.wheelpicker.WheelPickerKt.WheelPicker-IJtcKRI.<no name provided>.invokeSuspend.<no name provided>> declared in app.netlify.dev4rju9.wheelpicker.WheelPickerKt.WheelPicker-IJtcKRI.<no name provided>.invokeSuspend.<no name provided>.emit' type=app.netlify.dev4rju9.wheelpicker.WheelPickerKt.WheelPicker-IJtcKRI.<no name provided>.invokeSuspend.<no name provided><T of app.netlify.dev4rju9.wheelpicker.WheelPickerKt.WheelPicker-IJtcKRI.<no name provided>.invokeSuspend.<no name provided>> origin=null
                        COMPOSITE type=kotlin.Unit origin=null
                          BLOCK type=kotlin.Unit? origin=FOLDED_SAFE_CALL
                            WHEN type=kotlin.Unit? origin=FOLDED_SAFE_CALL
                              BRANCH
                                if: COMPOSITE type=kotlin.Boolean origin=null
                                  VAR IR_TEMPORARY_VARIABLE name:tmp0_safe_receiver type:kotlin.String? [val]
                                    CALL 'public final fun getOrNull <T> (<this>: kotlin.collections.List<T of kotlin.collections.CollectionsKt.getOrNull>, index: kotlin.Int): T of kotlin.collections.CollectionsKt.getOrNull? declared in kotlin.collections.CollectionsKt' type=kotlin.String? origin=null
                                      TYPE_ARG T: kotlin.String
                                      ARG <this>: GET_FIELD 'FIELD FIELD_FOR_CAPTURED_VALUE name:$items type:kotlin.collections.List<kotlin.String> visibility:public/*package*/ [final] declared in app.netlify.dev4rju9.wheelpicker.WheelPickerKt.WheelPicker-IJtcKRI.<no name provided>.invokeSuspend.<no name provided>' type=kotlin.collections.List<kotlin.String> origin=null
                                        receiver: GET_VAR '<this>: app.netlify.dev4rju9.wheelpicker.WheelPickerKt.WheelPicker-IJtcKRI.<no name provided>.invokeSuspend.<no name provided><T of app.netlify.dev4rju9.wheelpicker.WheelPickerKt.WheelPicker-IJtcKRI.<no name provided>.invokeSuspend.<no name provided>> declared in app.netlify.dev4rju9.wheelpicker.WheelPickerKt.WheelPicker-IJtcKRI.<no name provided>.invokeSuspend.<no name provided>.emit' type=app.netlify.dev4rju9.wheelpicker.WheelPickerKt.WheelPicker-IJtcKRI.<no name provided>.invokeSuspend.<no name provided><T of app.netlify.dev4rju9.wheelpicker.WheelPickerKt.WheelPicker-IJtcKRI.<no name provided>.invokeSuspend.<no name provided>> origin=null
                                      ARG index: GET_VAR 'val realIndex: kotlin.Int [val] declared in app.netlify.dev4rju9.wheelpicker.WheelPickerKt.WheelPicker-IJtcKRI.<no name provided>.invokeSuspend.<no name provided>.emit' type=kotlin.Int origin=null
                                  CALL 'public final fun not (): kotlin.Boolean [operator] declared in kotlin.Boolean' type=kotlin.Boolean origin=null
                                    ARG <this>: CALL 'public final fun EQEQ (arg0: kotlin.Any?, arg1: kotlin.Any?): kotlin.Boolean declared in kotlin.internal.ir' type=kotlin.Boolean origin=null
                                      ARG arg0: GET_VAR 'val tmp0_safe_receiver: kotlin.String? [val] declared in app.netlify.dev4rju9.wheelpicker.WheelPickerKt.WheelPicker-IJtcKRI.<no name provided>.invokeSuspend.<no name provided>.emit' type=kotlin.String? origin=null
                                      ARG arg1: CONST Null type=kotlin.Nothing? value=null
                                then: CALL 'public final fun let <T, R> (<this>: T of kotlin.StandardKt.let, block: kotlin.Function1<T of kotlin.StandardKt.let, R of kotlin.StandardKt.let>): R of kotlin.StandardKt.let [inline] declared in kotlin.StandardKt' type=kotlin.Unit origin=null
                                  TYPE_ARG T: kotlin.String
                                  TYPE_ARG R: kotlin.Unit
                                  ARG <this>: GET_VAR 'val tmp0_safe_receiver: kotlin.String? [val] declared in app.netlify.dev4rju9.wheelpicker.WheelPickerKt.WheelPicker-IJtcKRI.<no name provided>.invokeSuspend.<no name provided>.emit' type=kotlin.String? origin=null
                                  ARG block: BLOCK type=kotlin.Function1<kotlin.String, kotlin.Unit> origin=LAMBDA
                                    COMPOSITE type=kotlin.Unit origin=null
                                    FUNCTION_REFERENCE 'private final fun emit$lambda$0 ($onSelected: kotlin.Function2<kotlin.Int, kotlin.String, kotlin.Unit>, $realIndex: kotlin.Int, it: kotlin.String): kotlin.Unit declared in app.netlify.dev4rju9.wheelpicker.WheelPickerKt.WheelPicker-IJtcKRI.<no name provided>.invokeSuspend.<no name provided>' type=kotlin.Function1<kotlin.String, kotlin.Unit> origin=INLINE_LAMBDA reflectionTarget=null
                                      ARG $onSelected: GET_FIELD 'FIELD FIELD_FOR_CAPTURED_VALUE name:$onSelected type:kotlin.Function2<kotlin.Int, kotlin.String, kotlin.Unit> visibility:public/*package*/ [final] declared in app.netlify.dev4rju9.wheelpicker.WheelPickerKt.WheelPicker-IJtcKRI.<no name provided>.invokeSuspend.<no name provided>' type=kotlin.Function2<kotlin.Int, kotlin.String, kotlin.Unit> origin=null
                                        receiver: GET_VAR '<this>: app.netlify.dev4rju9.wheelpicker.WheelPickerKt.WheelPicker-IJtcKRI.<no name provided>.invokeSuspend.<no name provided><T of app.netlify.dev4rju9.wheelpicker.WheelPickerKt.WheelPicker-IJtcKRI.<no name provided>.invokeSuspend.<no name provided>> declared in app.netlify.dev4rju9.wheelpicker.WheelPickerKt.WheelPicker-IJtcKRI.<no name provided>.invokeSuspend.<no name provided>.emit' type=app.netlify.dev4rju9.wheelpicker.WheelPickerKt.WheelPicker-IJtcKRI.<no name provided>.invokeSuspend.<no name provided><T of app.netlify.dev4rju9.wheelpicker.WheelPickerKt.WheelPicker-IJtcKRI.<no name provided>.invokeSuspend.<no name provided>> origin=null
                                      ARG $realIndex: GET_VAR 'val realIndex: kotlin.Int [val] declared in app.netlify.dev4rju9.wheelpicker.WheelPickerKt.WheelPicker-IJtcKRI.<no name provided>.invokeSuspend.<no name provided>.emit' type=kotlin.Int origin=null
                              BRANCH
                                if: CONST Boolean type=kotlin.Boolean value=true
                                then: CONST Null type=kotlin.Nothing? value=null
                    FUN FAKE_OVERRIDE name:equals visibility:public modality:OPEN returnType:kotlin.Boolean [fake_override,operator]
                      VALUE_PARAMETER kind:DispatchReceiver name:<this> index:0 type:kotlin.Any
                      VALUE_PARAMETER kind:Regular name:other index:1 type:kotlin.Any?
                      overridden:
                        public open fun equals (other: kotlin.Any?): kotlin.Boolean [fake_override,operator] declared in kotlinx.coroutines.flow.FlowCollector
                    FUN FAKE_OVERRIDE name:hashCode visibility:public modality:OPEN returnType:kotlin.Int [fake_override]
                      VALUE_PARAMETER kind:DispatchReceiver name:<this> index:0 type:kotlin.Any
                      overridden:
                        public open fun hashCode (): kotlin.Int [fake_override] declared in kotlinx.coroutines.flow.FlowCollector
                    FUN FAKE_OVERRIDE name:toString visibility:public modality:OPEN returnType:kotlin.String [fake_override]
                      VALUE_PARAMETER kind:DispatchReceiver name:<this> index:0 type:kotlin.Any
                      overridden:
                        public open fun toString (): kotlin.String [fake_override] declared in kotlinx.coroutines.flow.FlowCollector
                    FIELD FIELD_FOR_CAPTURED_VALUE name:$items type:kotlin.collections.List<kotlin.String> visibility:public/*package*/ [final]
                    FIELD FIELD_FOR_CAPTURED_VALUE name:$onSelected type:kotlin.Function2<kotlin.Int, kotlin.String, kotlin.Unit> visibility:public/*package*/ [final]
                    FUN INLINE_LAMBDA name:emit$lambda$0 visibility:private modality:FINAL returnType:kotlin.Unit
                      VALUE_PARAMETER BOUND_VALUE_PARAMETER kind:Regular name:$onSelected index:0 type:kotlin.Function2<kotlin.Int, kotlin.String, kotlin.Unit>
                      VALUE_PARAMETER BOUND_VALUE_PARAMETER kind:Regular name:$realIndex index:1 type:kotlin.Int
                      VALUE_PARAMETER kind:Regular name:it index:2 type:kotlin.String
                      BLOCK_BODY
                        VAR name:$i$a$-let-WheelPickerKt$WheelPicker$1$2$1 type:kotlin.Int [val]
                          CONST Int type=kotlin.Int value=0
                        CALL 'public abstract fun invoke (p1: P1 of kotlin.Function2, p2: P2 of kotlin.Function2): R of kotlin.Function2 [operator] declared in kotlin.Function2' type=kotlin.Unit origin=INVOKE
                          ARG <this>: GET_VAR '$onSelected: kotlin.Function2<kotlin.Int, kotlin.String, kotlin.Unit> declared in app.netlify.dev4rju9.wheelpicker.WheelPickerKt.WheelPicker-IJtcKRI.<no name provided>.invokeSuspend.<no name provided>.emit$lambda$0' type=kotlin.Function2<kotlin.Int, kotlin.String, kotlin.Unit> origin=null
                          ARG p1: GET_VAR '$realIndex: kotlin.Int declared in app.netlify.dev4rju9.wheelpicker.WheelPickerKt.WheelPicker-IJtcKRI.<no name provided>.invokeSuspend.<no name provided>.emit$lambda$0' type=kotlin.Int origin=null
                          ARG p2: GET_VAR 'it: kotlin.String declared in app.netlify.dev4rju9.wheelpicker.WheelPickerKt.WheelPicker-IJtcKRI.<no name provided>.invokeSuspend.<no name provided>.emit$lambda$0' type=kotlin.String origin=null
                    FUN BRIDGE name:emit visibility:public modality:OPEN returnType:kotlin.Any? [suspend]
                      VALUE_PARAMETER INSTANCE_RECEIVER kind:DispatchReceiver name:<this> index:0 type:app.netlify.dev4rju9.wheelpicker.WheelPickerKt.WheelPicker-IJtcKRI.<no name provided>.invokeSuspend.<no name provided><T of app.netlify.dev4rju9.wheelpicker.WheelPickerKt.WheelPicker-IJtcKRI.<no name provided>.invokeSuspend.<no name provided>>
                      VALUE_PARAMETER BRIDGE kind:Regular name:value index:1 type:kotlin.Any?
                      VALUE_PARAMETER BRIDGE kind:Regular name:$completion index:2 type:kotlin.coroutines.Continuation<kotlin.Unit>
                      EXPRESSION_BODY
                        RETURN type=kotlin.Nothing from='public open fun emit (value: kotlin.Any?, $completion: kotlin.coroutines.Continuation<kotlin.Unit>): kotlin.Any? [suspend] declared in app.netlify.dev4rju9.wheelpicker.WheelPickerKt.WheelPicker-IJtcKRI.<no name provided>.invokeSuspend.<no name provided>'
                          CALL 'public final fun emit (index: kotlin.Int, $completion: kotlin.coroutines.Continuation<kotlin.Unit>): kotlin.Any? [suspend] declared in app.netlify.dev4rju9.wheelpicker.WheelPickerKt.WheelPicker-IJtcKRI.<no name provided>.invokeSuspend.<no name provided>' type=kotlin.Any? origin=BRIDGE_DELEGATION
                            ARG <this>: GET_VAR '<this>: app.netlify.dev4rju9.wheelpicker.WheelPickerKt.WheelPicker-IJtcKRI.<no name provided>.invokeSuspend.<no name provided><T of app.netlify.dev4rju9.wheelpicker.WheelPickerKt.WheelPicker-IJtcKRI.<no name provided>.invokeSuspend.<no name provided>> declared in app.netlify.dev4rju9.wheelpicker.WheelPickerKt.WheelPicker-IJtcKRI.<no name provided>.invokeSuspend.<no name provided>.emit' type=app.netlify.dev4rju9.wheelpicker.WheelPickerKt.WheelPicker-IJtcKRI.<no name provided>.invokeSuspend.<no name provided><T of app.netlify.dev4rju9.wheelpicker.WheelPickerKt.WheelPicker-IJtcKRI.<no name provided>.invokeSuspend.<no name provided>> origin=null
                            ARG index: TYPE_OP type=kotlin.Int origin=IMPLICIT_CAST typeOperand=kotlin.Int
                              GET_VAR 'value: kotlin.Any? declared in app.netlify.dev4rju9.wheelpicker.WheelPickerKt.WheelPicker-IJtcKRI.<no name provided>.invokeSuspend.<no name provided>.emit' type=kotlin.Any? origin=null
                            ARG $completion: TYPE_OP type=kotlin.coroutines.Continuation<*> origin=IMPLICIT_CAST typeOperand=kotlin.coroutines.Continuation<*>
                              GET_VAR '$completion: kotlin.coroutines.Continuation<kotlin.Unit> declared in app.netlify.dev4rju9.wheelpicker.WheelPickerKt.WheelPicker-IJtcKRI.<no name provided>.invokeSuspend.<no name provided>.emit' type=kotlin.coroutines.Continuation<kotlin.Unit> origin=null
                  CONSTRUCTOR_CALL 'public/*package*/ constructor <init> ($items: kotlin.collections.List<kotlin.String>, $onSelected: kotlin.Function2<kotlin.Int, kotlin.String, kotlin.Unit>) [primary] declared in app.netlify.dev4rju9.wheelpicker.WheelPickerKt.WheelPicker-IJtcKRI.<no name provided>.invokeSuspend.<no name provided>' type=app.netlify.dev4rju9.wheelpicker.WheelPickerKt.WheelPicker-IJtcKRI.<no name provided>.invokeSuspend.<no name provided><T of app.netlify.dev4rju9.wheelpicker.WheelPickerKt.WheelPicker-IJtcKRI.<no name provided>.invokeSuspend.<no name provided>> origin=null
                    TYPE_ARG (of class) T: <none>
                    ARG $items: GET_FIELD 'FIELD FIELD_FOR_CAPTURED_VALUE name:$items type:kotlin.collections.List<kotlin.String> visibility:public/*package*/ [final] declared in app.netlify.dev4rju9.wheelpicker.WheelPickerKt.WheelPicker-IJtcKRI.<no name provided>' type=kotlin.collections.List<kotlin.String> origin=null
                      receiver: GET_VAR '<this>: app.netlify.dev4rju9.wheelpicker.WheelPickerKt.WheelPicker-IJtcKRI.<no name provided> declared in app.netlify.dev4rju9.wheelpicker.WheelPickerKt.WheelPicker-IJtcKRI.<no name provided>.invokeSuspend' type=app.netlify.dev4rju9.wheelpicker.WheelPickerKt.WheelPicker-IJtcKRI.<no name provided> origin=null
                    ARG $onSelected: GET_FIELD 'FIELD FIELD_FOR_CAPTURED_VALUE name:$onSelected type:kotlin.Function2<kotlin.Int, kotlin.String, kotlin.Unit> visibility:public/*package*/ [final] declared in app.netlify.dev4rju9.wheelpicker.WheelPickerKt.WheelPicker-IJtcKRI.<no name provided>' type=kotlin.Function2<kotlin.Int, kotlin.String, kotlin.Unit> origin=null
                      receiver: GET_VAR '<this>: app.netlify.dev4rju9.wheelpicker.WheelPickerKt.WheelPicker-IJtcKRI.<no name provided> declared in app.netlify.dev4rju9.wheelpicker.WheelPickerKt.WheelPicker-IJtcKRI.<no name provided>.invokeSuspend' type=app.netlify.dev4rju9.wheelpicker.WheelPickerKt.WheelPicker-IJtcKRI.<no name provided> origin=null
                ARG $completion: GET_VAR '<this>: app.netlify.dev4rju9.wheelpicker.WheelPickerKt.WheelPicker-IJtcKRI.<no name provided> declared in app.netlify.dev4rju9.wheelpicker.WheelPickerKt.WheelPicker-IJtcKRI.<no name provided>.invokeSuspend' type=app.netlify.dev4rju9.wheelpicker.WheelPickerKt.WheelPicker-IJtcKRI.<no name provided> origin=null
          FUN name:create visibility:public modality:FINAL returnType:kotlin.coroutines.Continuation<kotlin.Unit>
            VALUE_PARAMETER INSTANCE_RECEIVER kind:DispatchReceiver name:<this> index:0 type:app.netlify.dev4rju9.wheelpicker.WheelPickerKt.WheelPicker-IJtcKRI.<no name provided>
            VALUE_PARAMETER kind:Regular name:value index:1 type:kotlin.Any?
            VALUE_PARAMETER kind:Regular name:$completion index:2 type:kotlin.coroutines.Continuation<kotlin.Nothing>
            overridden:
              public open fun create (value: kotlin.Any?, $completion: kotlin.coroutines.Continuation<kotlin.Nothing>): kotlin.coroutines.Continuation<kotlin.Unit> declared in kotlin.coroutines.jvm.internal.SuspendLambda
            BLOCK_BODY
              RETURN type=kotlin.Nothing from='public final fun create (value: kotlin.Any?, $completion: kotlin.coroutines.Continuation<kotlin.Nothing>): kotlin.coroutines.Continuation<kotlin.Unit> declared in app.netlify.dev4rju9.wheelpicker.WheelPickerKt.WheelPicker-IJtcKRI.<no name provided>'
                CONSTRUCTOR_CALL 'public/*package*/ constructor <init> ($selectedIndex$delegate: androidx.compose.runtime.State<kotlin.Int>, $items: kotlin.collections.List<kotlin.String>, $onSelected: kotlin.Function2<kotlin.Int, kotlin.String, kotlin.Unit>, $completion: kotlin.coroutines.Continuation<app.netlify.dev4rju9.wheelpicker.WheelPickerKt.WheelPicker-IJtcKRI.<no name provided>>?) [primary] declared in app.netlify.dev4rju9.wheelpicker.WheelPickerKt.WheelPicker-IJtcKRI.<no name provided>' type=app.netlify.dev4rju9.wheelpicker.WheelPickerKt.WheelPicker-IJtcKRI.<no name provided> origin=null
                  ARG $selectedIndex$delegate: GET_FIELD 'FIELD FIELD_FOR_CAPTURED_VALUE name:$selectedIndex$delegate type:androidx.compose.runtime.State<kotlin.Int> visibility:public/*package*/ [final] declared in app.netlify.dev4rju9.wheelpicker.WheelPickerKt.WheelPicker-IJtcKRI.<no name provided>' type=androidx.compose.runtime.State<kotlin.Int> origin=null
                    receiver: GET_VAR '<this>: app.netlify.dev4rju9.wheelpicker.WheelPickerKt.WheelPicker-IJtcKRI.<no name provided> declared in app.netlify.dev4rju9.wheelpicker.WheelPickerKt.WheelPicker-IJtcKRI.<no name provided>.create' type=app.netlify.dev4rju9.wheelpicker.WheelPickerKt.WheelPicker-IJtcKRI.<no name provided> origin=null
                  ARG $items: GET_FIELD 'FIELD FIELD_FOR_CAPTURED_VALUE name:$items type:kotlin.collections.List<kotlin.String> visibility:public/*package*/ [final] declared in app.netlify.dev4rju9.wheelpicker.WheelPickerKt.WheelPicker-IJtcKRI.<no name provided>' type=kotlin.collections.List<kotlin.String> origin=null
                    receiver: GET_VAR '<this>: app.netlify.dev4rju9.wheelpicker.WheelPickerKt.WheelPicker-IJtcKRI.<no name provided> declared in app.netlify.dev4rju9.wheelpicker.WheelPickerKt.WheelPicker-IJtcKRI.<no name provided>.create' type=app.netlify.dev4rju9.wheelpicker.WheelPickerKt.WheelPicker-IJtcKRI.<no name provided> origin=null
                  ARG $onSelected: GET_FIELD 'FIELD FIELD_FOR_CAPTURED_VALUE name:$onSelected type:kotlin.Function2<kotlin.Int, kotlin.String, kotlin.Unit> visibility:public/*package*/ [final] declared in app.netlify.dev4rju9.wheelpicker.WheelPickerKt.WheelPicker-IJtcKRI.<no name provided>' type=kotlin.Function2<kotlin.Int, kotlin.String, kotlin.Unit> origin=null
                    receiver: GET_VAR '<this>: app.netlify.dev4rju9.wheelpicker.WheelPickerKt.WheelPicker-IJtcKRI.<no name provided> declared in app.netlify.dev4rju9.wheelpicker.WheelPickerKt.WheelPicker-IJtcKRI.<no name provided>.create' type=app.netlify.dev4rju9.wheelpicker.WheelPickerKt.WheelPicker-IJtcKRI.<no name provided> origin=null
                  ARG $completion: GET_VAR '$completion: kotlin.coroutines.Continuation<kotlin.Nothing> declared in app.netlify.dev4rju9.wheelpicker.WheelPickerKt.WheelPicker-IJtcKRI.<no name provided>.create' type=kotlin.coroutines.Continuation<kotlin.Nothing> origin=null
          FUN name:invoke visibility:public modality:FINAL returnType:kotlin.Any?
            VALUE_PARAMETER INSTANCE_RECEIVER kind:DispatchReceiver name:<this> index:0 type:app.netlify.dev4rju9.wheelpicker.WheelPickerKt.WheelPicker-IJtcKRI.<no name provided>
            VALUE_PARAMETER kind:Regular name:p1 index:1 type:kotlinx.coroutines.CoroutineScope
            VALUE_PARAMETER kind:Regular name:p2 index:2 type:kotlin.coroutines.Continuation<kotlin.Unit>?
            overridden:
              public abstract fun invoke (p1: P1 of kotlin.jvm.functions.Function2, p2: P2 of kotlin.jvm.functions.Function2): R of kotlin.jvm.functions.Function2 declared in kotlin.jvm.functions.Function2
            BLOCK_BODY
              RETURN type=kotlin.Nothing from='public final fun invoke (p1: kotlinx.coroutines.CoroutineScope, p2: kotlin.coroutines.Continuation<kotlin.Unit>?): kotlin.Any? declared in app.netlify.dev4rju9.wheelpicker.WheelPickerKt.WheelPicker-IJtcKRI.<no name provided>'
                CALL 'public final fun invokeSuspend ($result: kotlin.Result<kotlin.Any?>): kotlin.Any? declared in app.netlify.dev4rju9.wheelpicker.WheelPickerKt.WheelPicker-IJtcKRI.<no name provided>' type=kotlin.Any? origin=null
                  ARG <this>: TYPE_OP type=app.netlify.dev4rju9.wheelpicker.WheelPickerKt.WheelPicker-IJtcKRI.<no name provided> origin=IMPLICIT_CAST typeOperand=app.netlify.dev4rju9.wheelpicker.WheelPickerKt.WheelPicker-IJtcKRI.<no name provided>
                    CALL 'public final fun create (value: kotlin.Any?, $completion: kotlin.coroutines.Continuation<kotlin.Nothing>): kotlin.coroutines.Continuation<kotlin.Unit> declared in app.netlify.dev4rju9.wheelpicker.WheelPickerKt.WheelPicker-IJtcKRI.<no name provided>' type=kotlin.coroutines.Continuation<kotlin.Unit> origin=null
                      ARG <this>: GET_VAR '<this>: app.netlify.dev4rju9.wheelpicker.WheelPickerKt.WheelPicker-IJtcKRI.<no name provided> declared in app.netlify.dev4rju9.wheelpicker.WheelPickerKt.WheelPicker-IJtcKRI.<no name provided>.invoke' type=app.netlify.dev4rju9.wheelpicker.WheelPickerKt.WheelPicker-IJtcKRI.<no name provided> origin=null
                      ARG value: GET_VAR 'p1: kotlinx.coroutines.CoroutineScope declared in app.netlify.dev4rju9.wheelpicker.WheelPickerKt.WheelPicker-IJtcKRI.<no name provided>.invoke' type=kotlinx.coroutines.CoroutineScope origin=null
                      ARG $completion: GET_VAR 'p2: kotlin.coroutines.Continuation<kotlin.Unit>? declared in app.netlify.dev4rju9.wheelpicker.WheelPickerKt.WheelPicker-IJtcKRI.<no name provided>.invoke' type=kotlin.coroutines.Continuation<kotlin.Unit>? origin=null
                  ARG $result: CALL 'public final fun <unsafe-coerce> <T, R> (v: T of kotlin.jvm.internal.<unsafe-coerce>): R of kotlin.jvm.internal.<unsafe-coerce> declared in kotlin.jvm.internal' type=kotlin.Result<kotlin.Any?> origin=null
                    TYPE_ARG T: kotlin.Any?
                    TYPE_ARG R: kotlin.Result<kotlin.Any?>
                    ARG v: GET_FIELD 'FIELD FIELD_FOR_OBJECT_INSTANCE name:INSTANCE type:kotlin.Unit visibility:public [final,static] declared in kotlin.Unit' type=kotlin.Unit origin=null
          FIELD FIELD_FOR_CAPTURED_VALUE name:$selectedIndex$delegate type:androidx.compose.runtime.State<kotlin.Int> visibility:public/*package*/ [final]
          FIELD FIELD_FOR_CAPTURED_VALUE name:$items type:kotlin.collections.List<kotlin.String> visibility:public/*package*/ [final]
          FIELD FIELD_FOR_CAPTURED_VALUE name:$onSelected type:kotlin.Function2<kotlin.Int, kotlin.String, kotlin.Unit> visibility:public/*package*/ [final]
          FUN LOCAL_FUNCTION_FOR_LAMBDA name:invokeSuspend$lambda$0 visibility:private modality:FINAL returnType:kotlin.Int
            VALUE_PARAMETER BOUND_VALUE_PARAMETER kind:Regular name:$selectedIndex$delegate index:0 type:androidx.compose.runtime.State<kotlin.Int>
            BLOCK_BODY
              RETURN type=kotlin.Nothing from='private final fun invokeSuspend$lambda$0 ($selectedIndex$delegate: androidx.compose.runtime.State<kotlin.Int>): kotlin.Int declared in app.netlify.dev4rju9.wheelpicker.WheelPickerKt.WheelPicker-IJtcKRI.<no name provided>'
                CALL 'public final fun access$WheelPicker_IJtcKRI$lambda$1 ($selectedIndex$delegate: androidx.compose.runtime.State<kotlin.Int>): kotlin.Int declared in app.netlify.dev4rju9.wheelpicker.WheelPickerKt' type=kotlin.Int origin=GET_LOCAL_PROPERTY
                  ARG $selectedIndex$delegate: GET_VAR '$selectedIndex$delegate: androidx.compose.runtime.State<kotlin.Int> declared in app.netlify.dev4rju9.wheelpicker.WheelPickerKt.WheelPicker-IJtcKRI.<no name provided>.invokeSuspend$lambda$0' type=androidx.compose.runtime.State<kotlin.Int> origin=null
          FUN BRIDGE name:invoke visibility:public modality:OPEN returnType:kotlin.Any?
            VALUE_PARAMETER INSTANCE_RECEIVER kind:DispatchReceiver name:<this> index:0 type:app.netlify.dev4rju9.wheelpicker.WheelPickerKt.WheelPicker-IJtcKRI.<no name provided>
            VALUE_PARAMETER BRIDGE kind:Regular name:p1 index:1 type:kotlin.Any?
            VALUE_PARAMETER BRIDGE kind:Regular name:p2 index:2 type:kotlin.Any?
            EXPRESSION_BODY
              RETURN type=kotlin.Nothing from='public open fun invoke (p1: kotlin.Any?, p2: kotlin.Any?): kotlin.Any? declared in app.netlify.dev4rju9.wheelpicker.WheelPickerKt.WheelPicker-IJtcKRI.<no name provided>'
                CALL 'public final fun invoke (p1: kotlinx.coroutines.CoroutineScope, p2: kotlin.coroutines.Continuation<kotlin.Unit>?): kotlin.Any? declared in app.netlify.dev4rju9.wheelpicker.WheelPickerKt.WheelPicker-IJtcKRI.<no name provided>' type=kotlin.Any? origin=BRIDGE_DELEGATION
                  ARG <this>: GET_VAR '<this>: app.netlify.dev4rju9.wheelpicker.WheelPickerKt.WheelPicker-IJtcKRI.<no name provided> declared in app.netlify.dev4rju9.wheelpicker.WheelPickerKt.WheelPicker-IJtcKRI.<no name provided>.invoke' type=app.netlify.dev4rju9.wheelpicker.WheelPickerKt.WheelPicker-IJtcKRI.<no name provided> origin=null
                  ARG p1: TYPE_OP type=kotlinx.coroutines.CoroutineScope origin=IMPLICIT_CAST typeOperand=kotlinx.coroutines.CoroutineScope
                    GET_VAR 'p1: kotlin.Any? declared in app.netlify.dev4rju9.wheelpicker.WheelPickerKt.WheelPicker-IJtcKRI.<no name provided>.invoke' type=kotlin.Any? origin=null
                  ARG p2: TYPE_OP type=kotlin.coroutines.Continuation<*> origin=IMPLICIT_CAST typeOperand=kotlin.coroutines.Continuation<*>
                    GET_VAR 'p2: kotlin.Any? declared in app.netlify.dev4rju9.wheelpicker.WheelPickerKt.WheelPicker-IJtcKRI.<no name provided>.invoke' type=kotlin.Any? origin=null
        CONSTRUCTOR_CALL 'public/*package*/ constructor <init> ($selectedIndex$delegate: androidx.compose.runtime.State<kotlin.Int>, $items: kotlin.collections.List<kotlin.String>, $onSelected: kotlin.Function2<kotlin.Int, kotlin.String, kotlin.Unit>, $completion: kotlin.coroutines.Continuation<app.netlify.dev4rju9.wheelpicker.WheelPickerKt.WheelPicker-IJtcKRI.<no name provided>>?) [primary] declared in app.netlify.dev4rju9.wheelpicker.WheelPickerKt.WheelPicker-IJtcKRI.<no name provided>' type=app.netlify.dev4rju9.wheelpicker.WheelPickerKt.WheelPicker-IJtcKRI.<no name provided> origin=null
          ARG $selectedIndex$delegate: GET_VAR 'val selectedIndex$delegate: androidx.compose.runtime.State<kotlin.Int> [val] declared in app.netlify.dev4rju9.wheelpicker.WheelPickerKt.WheelPicker-IJtcKRI' type=androidx.compose.runtime.State<kotlin.Int> origin=null
          ARG $items: GET_VAR 'items: kotlin.collections.List<kotlin.String> declared in app.netlify.dev4rju9.wheelpicker.WheelPickerKt.WheelPicker-IJtcKRI' type=kotlin.collections.List<kotlin.String> origin=null
          ARG $onSelected: GET_VAR 'onSelected: kotlin.Function2<kotlin.Int, kotlin.String, kotlin.Unit> declared in app.netlify.dev4rju9.wheelpicker.WheelPickerKt.WheelPicker-IJtcKRI' type=kotlin.Function2<kotlin.Int, kotlin.String, kotlin.Unit> origin=null
          ARG $completion: CONST Null type=kotlin.Nothing? value=null
    CALL 'public final fun Row (modifier: androidx.compose.ui.Modifier, horizontalArrangement: androidx.compose.foundation.layout.Arrangement.Horizontal, verticalAlignment: androidx.compose.ui.Alignment.Vertical, content: @[Composable] @[ExtensionFunctionType] kotlin.Function1<androidx.compose.foundation.layout.RowScope, kotlin.Unit>): kotlin.Unit [inline] declared in androidx.compose.foundation.layout.RowKt' type=kotlin.Unit origin=null
      ARG modifier: GET_VAR 'modifier: androidx.compose.ui.Modifier declared in app.netlify.dev4rju9.wheelpicker.WheelPickerKt.WheelPicker-IJtcKRI' type=androidx.compose.ui.Modifier origin=null
      ARG horizontalArrangement: CALL 'public final fun <get-Center> (): androidx.compose.foundation.layout.Arrangement.HorizontalOrVertical declared in androidx.compose.foundation.layout.Arrangement' type=androidx.compose.foundation.layout.Arrangement.HorizontalOrVertical origin=GET_PROPERTY
        ARG <this>: GET_FIELD 'FIELD FIELD_FOR_OBJECT_INSTANCE name:INSTANCE type:androidx.compose.foundation.layout.Arrangement visibility:public [final,static] declared in androidx.compose.foundation.layout.Arrangement' type=androidx.compose.foundation.layout.Arrangement origin=null
      ARG verticalAlignment: CALL 'public final fun <get-CenterVertically> (): androidx.compose.ui.Alignment.Vertical declared in androidx.compose.ui.Alignment.Companion' type=androidx.compose.ui.Alignment.Vertical origin=GET_PROPERTY
        ARG <this>: GET_FIELD 'FIELD FIELD_FOR_OBJECT_INSTANCE name:Companion type:androidx.compose.ui.Alignment.Companion visibility:public [final,static] declared in androidx.compose.ui.Alignment' type=androidx.compose.ui.Alignment.Companion origin=null
      ARG content: BLOCK type=@[ExtensionFunctionType] kotlin.Function1<androidx.compose.foundation.layout.RowScope, kotlin.Unit> origin=LAMBDA
        COMPOSITE type=kotlin.Unit origin=null
        FUNCTION_REFERENCE 'private final fun WheelPicker_IJtcKRI$lambda$7 ($this$Row: androidx.compose.foundation.layout.RowScope, $dividerWidth: androidx.compose.ui.unit.Dp, $showLabel: kotlin.Boolean, $label: kotlin.String, $labelSize: androidx.compose.ui.unit.TextUnit, $contentHeight: androidx.compose.ui.unit.Dp, $visibleItems: kotlin.Int, $listState: androidx.compose.foundation.lazy.LazyListState, $flingBehavior: androidx.compose.foundation.gestures.FlingBehavior, $enabled: kotlin.Boolean, $dividerHeightFactor: kotlin.Float, $paddedItems: kotlin.collections.List<kotlin.String>, $selectedIndex$delegate: androidx.compose.runtime.State<kotlin.Int>, $contentSize: kotlin.Pair<androidx.compose.ui.unit.TextUnit, androidx.compose.ui.unit.TextUnit>, $contentColor: kotlin.Pair<androidx.compose.ui.graphics.Color, androidx.compose.ui.graphics.Color>, $thickness: kotlin.Double): kotlin.Unit declared in app.netlify.dev4rju9.wheelpicker.WheelPickerKt' type=@[ExtensionFunctionType] kotlin.Function1<androidx.compose.foundation.layout.RowScope, kotlin.Unit> origin=INLINE_LAMBDA reflectionTarget=null
          ARG $dividerWidth: GET_VAR 'dividerWidth: androidx.compose.ui.unit.Dp declared in app.netlify.dev4rju9.wheelpicker.WheelPickerKt.WheelPicker-IJtcKRI' type=androidx.compose.ui.unit.Dp origin=null
          ARG $showLabel: GET_VAR 'showLabel: kotlin.Boolean declared in app.netlify.dev4rju9.wheelpicker.WheelPickerKt.WheelPicker-IJtcKRI' type=kotlin.Boolean origin=null
          ARG $label: GET_VAR 'label: kotlin.String declared in app.netlify.dev4rju9.wheelpicker.WheelPickerKt.WheelPicker-IJtcKRI' type=kotlin.String origin=null
          ARG $labelSize: GET_VAR 'labelSize: androidx.compose.ui.unit.TextUnit declared in app.netlify.dev4rju9.wheelpicker.WheelPickerKt.WheelPicker-IJtcKRI' type=androidx.compose.ui.unit.TextUnit origin=null
          ARG $contentHeight: GET_VAR 'contentHeight: androidx.compose.ui.unit.Dp declared in app.netlify.dev4rju9.wheelpicker.WheelPickerKt.WheelPicker-IJtcKRI' type=androidx.compose.ui.unit.Dp origin=null
          ARG $visibleItems: GET_VAR 'visibleItems: kotlin.Int declared in app.netlify.dev4rju9.wheelpicker.WheelPickerKt.WheelPicker-IJtcKRI' type=kotlin.Int origin=null
          ARG $listState: GET_VAR 'val listState: androidx.compose.foundation.lazy.LazyListState [val] declared in app.netlify.dev4rju9.wheelpicker.WheelPickerKt.WheelPicker-IJtcKRI' type=androidx.compose.foundation.lazy.LazyListState origin=null
          ARG $flingBehavior: GET_VAR 'val flingBehavior: androidx.compose.foundation.gestures.FlingBehavior [val] declared in app.netlify.dev4rju9.wheelpicker.WheelPickerKt.WheelPicker-IJtcKRI' type=androidx.compose.foundation.gestures.FlingBehavior origin=null
          ARG $enabled: GET_VAR 'enabled: kotlin.Boolean declared in app.netlify.dev4rju9.wheelpicker.WheelPickerKt.WheelPicker-IJtcKRI' type=kotlin.Boolean origin=null
          ARG $dividerHeightFactor: GET_VAR 'dividerHeightFactor: kotlin.Float declared in app.netlify.dev4rju9.wheelpicker.WheelPickerKt.WheelPicker-IJtcKRI' type=kotlin.Float origin=null
          ARG $paddedItems: GET_VAR 'val paddedItems: kotlin.collections.List<kotlin.String> [val] declared in app.netlify.dev4rju9.wheelpicker.WheelPickerKt.WheelPicker-IJtcKRI' type=kotlin.collections.List<kotlin.String> origin=null
          ARG $selectedIndex$delegate: GET_VAR 'val selectedIndex$delegate: androidx.compose.runtime.State<kotlin.Int> [val] declared in app.netlify.dev4rju9.wheelpicker.WheelPickerKt.WheelPicker-IJtcKRI' type=androidx.compose.runtime.State<kotlin.Int> origin=null
          ARG $contentSize: GET_VAR 'contentSize: kotlin.Pair<androidx.compose.ui.unit.TextUnit, androidx.compose.ui.unit.TextUnit> declared in app.netlify.dev4rju9.wheelpicker.WheelPickerKt.WheelPicker-IJtcKRI' type=kotlin.Pair<androidx.compose.ui.unit.TextUnit, androidx.compose.ui.unit.TextUnit> origin=null
          ARG $contentColor: GET_VAR 'contentColor: kotlin.Pair<androidx.compose.ui.graphics.Color, androidx.compose.ui.graphics.Color> declared in app.netlify.dev4rju9.wheelpicker.WheelPickerKt.WheelPicker-IJtcKRI' type=kotlin.Pair<androidx.compose.ui.graphics.Color, androidx.compose.ui.graphics.Color> origin=null
          ARG $thickness: GET_VAR 'thickness: kotlin.Double declared in app.netlify.dev4rju9.wheelpicker.WheelPickerKt.WheelPicker-IJtcKRI' type=kotlin.Double origin=null

	at org.jetbrains.kotlin.backend.jvm.codegen.FunctionCodegen.generate(FunctionCodegen.kt:50)
	at org.jetbrains.kotlin.backend.jvm.codegen.FunctionCodegen.generate$default(FunctionCodegen.kt:43)
	at org.jetbrains.kotlin.backend.jvm.codegen.ClassCodegen.generateMethodNode(ClassCodegen.kt:422)
	at org.jetbrains.kotlin.backend.jvm.codegen.ClassCodegen.generateMethod(ClassCodegen.kt:439)
	at org.jetbrains.kotlin.backend.jvm.codegen.ClassCodegen.generate(ClassCodegen.kt:164)
	at org.jetbrains.kotlin.backend.jvm.JvmIrCodegenFactory.generateFile(JvmIrCodegenFactory.kt:419)
	at org.jetbrains.kotlin.backend.jvm.JvmIrCodegenFactory.invokeCodegen(JvmIrCodegenFactory.kt:388)
	at org.jetbrains.kotlin.cli.jvm.compiler.KotlinToJVMBytecodeCompiler.runCodegen$cli(KotlinToJVMBytecodeCompiler.kt:431)
	at org.jetbrains.kotlin.cli.pipeline.jvm.JvmBackendPipelinePhase.executePhase(JvmBackendPipelinePhase.kt:95)
	at org.jetbrains.kotlin.cli.pipeline.jvm.JvmBackendPipelinePhase.executePhase(JvmBackendPipelinePhase.kt:36)
	at org.jetbrains.kotlin.cli.pipeline.jvm.JvmBackendPipelinePhase.executePhase(JvmBackendPipelinePhase.kt:29)
	at org.jetbrains.kotlin.cli.pipeline.PipelinePhase.phaseBody(PipelinePhase.kt:68)
	at org.jetbrains.kotlin.cli.pipeline.PipelinePhase.phaseBody(PipelinePhase.kt:58)
	at org.jetbrains.kotlin.config.phaser.NamedCompilerPhase.invoke(CompilerPhase.kt:102)
	at org.jetbrains.kotlin.backend.common.phaser.CompositePhase.invoke(PhaseBuilders.kt:22)
	at org.jetbrains.kotlin.config.phaser.CompilerPhaseKt.invokeToplevel(CompilerPhase.kt:53)
	at org.jetbrains.kotlin.cli.pipeline.AbstractCliPipeline.runPhasedPipeline(AbstractCliPipeline.kt:109)
	at org.jetbrains.kotlin.cli.pipeline.AbstractCliPipeline.execute(AbstractCliPipeline.kt:68)
	at org.jetbrains.kotlin.cli.jvm.K2JVMCompiler.doExecutePhased(K2JVMCompiler.kt:78)
	at org.jetbrains.kotlin.cli.jvm.K2JVMCompiler.doExecutePhased(K2JVMCompiler.kt:44)
	at org.jetbrains.kotlin.cli.common.CLICompiler.execImpl(CLICompiler.kt:90)
	at org.jetbrains.kotlin.cli.common.CLICompiler.exec(CLICompiler.kt:352)
	at org.jetbrains.kotlin.incremental.IncrementalJvmCompilerRunnerBase.runCompiler(IncrementalJvmCompilerRunnerBase.kt:175)
	at org.jetbrains.kotlin.incremental.IncrementalJvmCompilerRunnerBase.runCompiler(IncrementalJvmCompilerRunnerBase.kt:38)
	at org.jetbrains.kotlin.incremental.IncrementalCompilerRunner.doCompile(IncrementalCompilerRunner.kt:504)
	at org.jetbrains.kotlin.incremental.IncrementalCompilerRunner.compileImpl(IncrementalCompilerRunner.kt:421)
	at org.jetbrains.kotlin.incremental.IncrementalCompilerRunner.compileNonIncrementally(IncrementalCompilerRunner.kt:306)
	at org.jetbrains.kotlin.incremental.IncrementalCompilerRunner.compile(IncrementalCompilerRunner.kt:133)
	at org.jetbrains.kotlin.daemon.CompileServiceImplBase.execIncrementalCompiler(CompileServiceImpl.kt:679)
	at org.jetbrains.kotlin.daemon.CompileServiceImplBase.access$execIncrementalCompiler(CompileServiceImpl.kt:93)
	at org.jetbrains.kotlin.daemon.CompileServiceImpl.compile(CompileServiceImpl.kt:1806)
	at java.base/jdk.internal.reflect.DirectMethodHandleAccessor.invoke(Unknown Source)
	at java.base/java.lang.reflect.Method.invoke(Unknown Source)
	at java.rmi/sun.rmi.server.UnicastServerRef.dispatch(Unknown Source)
	at java.rmi/sun.rmi.transport.Transport$1.run(Unknown Source)
	at java.rmi/sun.rmi.transport.Transport$1.run(Unknown Source)
	at java.base/java.security.AccessController.doPrivileged(Unknown Source)
	at java.rmi/sun.rmi.transport.Transport.serviceCall(Unknown Source)
	at java.rmi/sun.rmi.transport.tcp.TCPTransport.handleMessages(Unknown Source)
	at java.rmi/sun.rmi.transport.tcp.TCPTransport$ConnectionHandler.run0(Unknown Source)
	at java.rmi/sun.rmi.transport.tcp.TCPTransport$ConnectionHandler.lambda$run$0(Unknown Source)
	at java.base/java.security.AccessController.doPrivileged(Unknown Source)
	at java.rmi/sun.rmi.transport.tcp.TCPTransport$ConnectionHandler.run(Unknown Source)
	at java.base/java.util.concurrent.ThreadPoolExecutor.runWorker(Unknown Source)
	at java.base/java.util.concurrent.ThreadPoolExecutor$Worker.run(Unknown Source)
	at java.base/java.lang.Thread.run(Unknown Source)
Caused by: org.jetbrains.kotlin.codegen.CompilationException: Back-end (JVM) Internal error: Couldn't inline method call: CALL 'public final fun remember <T> (calculation: @[DisallowComposableCalls] kotlin.Function0<T of androidx.compose.runtime.ComposablesKt.remember>): T of androidx.compose.runtime.ComposablesKt.remember [inline] declared in androidx.compose.runtime.ComposablesKt' type=androidx.compose.runtime.State<kotlin.Int> origin=null
Method: null
File is unknown
The root cause java.lang.IllegalStateException was thrown at: org.jetbrains.kotlin.codegen.inline.SourceCompilerForInlineKt.getMethodNode(SourceCompilerForInline.kt:129)
	at org.jetbrains.kotlin.backend.jvm.codegen.IrInlineCodegen.genInlineCall(IrInlineCodegen.kt:82)
	at org.jetbrains.kotlin.backend.jvm.codegen.IrInlineCallGenerator.genCall(IrInlineCallGenerator.kt:36)
	at org.jetbrains.kotlin.backend.jvm.codegen.ExpressionCodegen.visitCall(ExpressionCodegen.kt:586)
	at org.jetbrains.kotlin.backend.jvm.codegen.ExpressionCodegen.visitCall(ExpressionCodegen.kt:135)
	at org.jetbrains.kotlin.ir.expressions.IrCall.accept(IrCall.kt:24)
	at org.jetbrains.kotlin.backend.jvm.codegen.ExpressionCodegen.visitVariable(ExpressionCodegen.kt:725)
	at org.jetbrains.kotlin.backend.jvm.codegen.ExpressionCodegen.visitVariable(ExpressionCodegen.kt:135)
	at org.jetbrains.kotlin.ir.declarations.IrVariable.accept(IrVariable.kt:36)
	at org.jetbrains.kotlin.backend.jvm.codegen.ExpressionCodegen.visitStatementContainer(ExpressionCodegen.kt:527)
	at org.jetbrains.kotlin.backend.jvm.codegen.ExpressionCodegen.visitBlockBody(ExpressionCodegen.kt:532)
	at org.jetbrains.kotlin.backend.jvm.codegen.ExpressionCodegen.visitBlockBody(ExpressionCodegen.kt:135)
	at org.jetbrains.kotlin.ir.expressions.IrBlockBody.accept(IrBlockBody.kt:20)
	at org.jetbrains.kotlin.backend.jvm.codegen.ExpressionCodegen.generate(ExpressionCodegen.kt:233)
	at org.jetbrains.kotlin.backend.jvm.codegen.FunctionCodegen.doGenerate(FunctionCodegen.kt:126)
	at org.jetbrains.kotlin.backend.jvm.codegen.FunctionCodegen.generate(FunctionCodegen.kt:47)
	... 45 more
Caused by: java.lang.IllegalStateException: couldn't find inline method Landroidx/compose/runtime/ComposablesKt;.remember(Lkotlin/jvm/functions/Function0;)Ljava/lang/Object;
	at org.jetbrains.kotlin.codegen.inline.SourceCompilerForInlineKt.getMethodNode(SourceCompilerForInline.kt:129)
	at org.jetbrains.kotlin.codegen.inline.SourceCompilerForInlineKt.loadCompiledInlineFunction$lambda$2(SourceCompilerForInline.kt:98)
	at org.jetbrains.kotlin.codegen.inline.InlineCache.computeMethodBytes(InlineCache.kt:90)
	at org.jetbrains.kotlin.codegen.inline.SourceCompilerForInlineKt.loadCompiledInlineFunction(SourceCompilerForInline.kt:93)
	at org.jetbrains.kotlin.backend.jvm.codegen.IrSourceCompilerForInline.compileInlineFunction(IrSourceCompilerForInline.kt:96)
	at org.jetbrains.kotlin.backend.jvm.codegen.IrInlineCodegen.genInlineCall(IrInlineCodegen.kt:65)
	... 59 more


